c:\users\админ\onedrive\документы\task3\task3\task3\x64\debug\vc143.pdb
c:\users\админ\onedrive\документы\task3\task3\task3\x64\debug\vc143.idb
c:\users\админ\onedrive\документы\task3\task3\task3\x64\debug\main.obj
c:\users\админ\onedrive\документы\task3\task3\task3\x64\debug\count.obj
c:\users\админ\onedrive\документы\task3\task3\task3\x64\debug\client.obj
c:\users\админ\onedrive\документы\task3\task3\task3\x64\debug\centralbank.obj
c:\users\админ\onedrive\документы\task3\task3\task3\x64\debug\bank.obj
c:\users\админ\onedrive\документы\task3\task3\task3\x64\debug\task3.ilk
c:\users\админ\onedrive\документы\task3\task3\x64\debug\task3.pdb
c:\users\админ\onedrive\документы\task3\task3\task3\x64\debug\task3.tlog\cl.command.1.tlog
c:\users\админ\onedrive\документы\task3\task3\task3\x64\debug\task3.tlog\cl.items.tlog
c:\users\админ\onedrive\документы\task3\task3\task3\x64\debug\task3.tlog\cl.read.1.tlog
c:\users\админ\onedrive\документы\task3\task3\task3\x64\debug\task3.tlog\cl.write.1.tlog
c:\users\админ\onedrive\документы\task3\task3\task3\x64\debug\task3.tlog\link-cvtres.read.1.tlog
c:\users\админ\onedrive\документы\task3\task3\task3\x64\debug\task3.tlog\link-cvtres.write.1.tlog
c:\users\админ\onedrive\документы\task3\task3\task3\x64\debug\task3.tlog\link-rc.read.1.tlog
c:\users\админ\onedrive\документы\task3\task3\task3\x64\debug\task3.tlog\link-rc.write.1.tlog
c:\users\админ\onedrive\документы\task3\task3\task3\x64\debug\task3.tlog\link.15740-cvtres.read.1.tlog
c:\users\админ\onedrive\документы\task3\task3\task3\x64\debug\task3.tlog\link.15740-cvtres.write.1.tlog
c:\users\админ\onedrive\документы\task3\task3\task3\x64\debug\task3.tlog\link.15740-rc.read.1.tlog
c:\users\админ\onedrive\документы\task3\task3\task3\x64\debug\task3.tlog\link.15740-rc.write.1.tlog
c:\users\админ\onedrive\документы\task3\task3\task3\x64\debug\task3.tlog\link.15740.read.1.tlog
c:\users\админ\onedrive\документы\task3\task3\task3\x64\debug\task3.tlog\link.15740.read.2.tlog
c:\users\админ\onedrive\документы\task3\task3\task3\x64\debug\task3.tlog\link.15740.write.1.tlog
c:\users\админ\onedrive\документы\task3\task3\task3\x64\debug\task3.tlog\link.command.1.tlog
c:\users\админ\onedrive\документы\task3\task3\task3\x64\debug\task3.tlog\link.read.1.tlog
c:\users\админ\onedrive\документы\task3\task3\task3\x64\debug\task3.tlog\link.read.2.tlog
c:\users\админ\onedrive\документы\task3\task3\task3\x64\debug\task3.tlog\link.read.3.tlog
c:\users\админ\onedrive\документы\task3\task3\task3\x64\debug\task3.tlog\link.secondary.1.tlog
c:\users\админ\onedrive\документы\task3\task3\task3\x64\debug\task3.tlog\link.write.1.tlog
